Initialized native services in: C:\Users\juinn\.gradle\native
Initialized jansi services in: C:\Users\juinn\.gradle\native
The client will now receive all logging from the daemon (pid: 33168). The daemon log file: C:\Users\juinn\.gradle\daemon\7.4.2\daemon-33168.out.log
Starting 6th build in daemon [uptime: 17 mins 24.194 secs, performance: 100%, non-heap usage: 18% of 512 MiB]
Using 14 worker leases.
Now considering [C:\Users\juinn\Desktop\Y2\CS2103T\Projects\tp] as hierarchies to watch
Watching the file system is configured to be enabled if available
File system watching is active
Starting Build
Settings evaluated using settings file 'C:\Users\juinn\Desktop\Y2\CS2103T\Projects\tp\settings.gradle'.
Projects loaded. Root project using build file 'C:\Users\juinn\Desktop\Y2\CS2103T\Projects\tp\build.gradle'.
Included projects: [root project 'tp']

> Configure project :
Evaluating root project 'tp' using build file 'C:\Users\juinn\Desktop\Y2\CS2103T\Projects\tp\build.gradle'.
All projects evaluated.
Selected primary task 'check' from project :
Tasks to be executed: [task ':compileJava', task ':processResources', task ':classes', task ':checkstyleMain', task ':compileTestJava', task ':processTestResources', task ':testClasses', task ':checkstyleTest', task ':test', task ':jacocoTestReport', task ':check']
Tasks that were excluded: []
:compileJava (Thread[Execution worker for ':',5,main]) started.

> Task :compileJava
Caching disabled for task ':compileJava' because:
  Build cache is disabled
Task ':compileJava' is not up-to-date because:
  Input property 'stableSources' file C:\Users\juinn\Desktop\Y2\CS2103T\Projects\tp\src\main\java\seedu\address\storage\JsonAdaptedPerson.java has changed.
Created classpath snapshot for incremental compilation in 0.009 secs.
Compiling with toolchain 'C:\Program Files\Java\jdk-17'.
Compiling with JDK Java compiler API.
Incremental compilation of 2 classes completed in 0.418 secs.
Class dependency analysis for incremental compilation took 0.032 secs.
:compileJava (Thread[Execution worker for ':',5,main]) completed. Took 0.561 secs.
:processResources (Thread[Execution worker for ':' Thread 10,5,main]) started.

> Task :processResources UP-TO-DATE
Caching disabled for task ':processResources' because:
  Build cache is disabled
Skipping task ':processResources' as it is up-to-date.
:processResources (Thread[Execution worker for ':' Thread 10,5,main]) completed. Took 0.006 secs.
:classes (Thread[Execution worker for ':' Thread 10,5,main]) started.

> Task :classes
Skipping task ':classes' as it has no actions.
:classes (Thread[Execution worker for ':' Thread 10,5,main]) completed. Took 0.0 secs.
:checkstyleMain (Thread[Execution worker for ':' Thread 10,5,main]) started.

> Task :checkstyleMain
Caching disabled for task ':checkstyleMain' because:
  Build cache is disabled
Task ':checkstyleMain' is not up-to-date because:
  Task has failed previously.
[ant:checkstyle] Running Checkstyle 11.0.0 on 128 files
[ant:xslt] Processing C:\Users\juinn\Desktop\Y2\CS2103T\Projects\tp\build\reports\checkstyle\main.xml to C:\Users\juinn\Desktop\Y2\CS2103T\Projects\tp\build\reports\checkstyle\main.html
[ant:xslt] Loading stylesheet <xsl:stylesheet	xmlns:xsl="http://www.w3.org/1999/XSL/Transform" version="1.0">
<!--
   Licensed to the Apache Software Foundation (ASF) under one or more
   contributor license agreements.  See the NOTICE file distributed with
   this work for additional information regarding copyright ownership.
   The ASF licenses this file to You under the Apache License, Version 2.0
   (the "License"); you may not use this file except in compliance with
   the License.  You may obtain a copy of the License at

       http://www.apache.org/licenses/LICENSE-2.0

   Unless required by applicable law or agreed to in writing, software
   distributed under the License is distributed on an "AS IS" BASIS,
   WITHOUT WARRANTIES OR CONDITIONS OF ANY KIND, either express or implied.
   See the License for the specific language governing permissions and
   limitations under the License.
-->

<xsl:output method="html" indent="yes"/>
<xsl:decimal-format decimal-separator="." grouping-separator="," />

<xsl:key name="files" match="file" use="@name" />

<!-- Checkstyle XML Style Sheet by Stephane Bailliez <sbailliez@apache.org>         -->
<!-- Part of the Checkstyle distribution found at http://checkstyle.sourceforge.net -->
<!-- UsageContext (generates checkstyle_report.html):                                      -->
<!--    <checkstyle failonviolation="false" config="${check.config}">               -->
<!--      <fileset dir="${src.dir}" includes="**/*.java"/>                          -->
<!--      <formatter type="xml" toFile="${doc.dir}/checkstyle_report.xml"/>         -->
<!--    </checkstyle>                                                               -->
<!--    <style basedir="${doc.dir}" destdir="${doc.dir}"                            -->
<!--            includes="checkstyle_report.xml"                                    -->
<!--            style="${doc.dir}/checkstyle-noframes-sorted.xsl"/>                 -->

<xsl:template match="checkstyle">
	<html>
		<head>
		<style type="text/css">
    .bannercell {
      border: 0px;
      padding: 0px;
    }
    body {
      margin-left: 10;
      margin-right: 10;
      font:normal 80% arial,helvetica,sanserif;
      background-color:#FFFFFF;
      color:#000000;
    }
    .a td {
      background: #efefef;
    }
    .b td {
      background: #fff;
    }
    th, td {
      text-align: left;
      vertical-align: top;
    }
    th {
      font-weight:bold;
      background: #ccc;
      color: black;
    }
    table, th, td {
      font-size:100%;
      border: none
    }
    table.log tr td, tr th {

    }
    h2 {
      font-weight:bold;
      font-size:140%;
      margin-bottom: 5;
    }
    h3 {
      font-size:100%;
      font-weight:bold;
      background: #525D76;
      color: white;
      text-decoration: none;
      padding: 5px;
      margin-right: 2px;
      margin-left: 2px;
      margin-bottom: 0;
    }
		</style>
		</head>
		<body>
			<a name="top"></a>
      <!-- jakarta logo -->
      <table border="0" cellpadding="0" cellspacing="0" width="100%">
      <tr>
        <td class="bannercell" rowspan="2">
          <!--a href="http://jakarta.apache.org/">
          <img src="http://jakarta.apache.org/images/jakarta-logo.gif" alt="http://jakarta.apache.org" align="left" border="0"/>
          </a-->
        </td>
    		<td class="text-align:right"><h2>CheckStyle Audit</h2></td>
    		</tr>
    		<tr>
    		<td class="text-align:right">Designed for use with <a href='http://checkstyle.sourceforge.net/'>CheckStyle</a> and <a href='http://jakarta.apache.org'>Ant</a>.</td>
    		</tr>
      </table>
    	<hr size="1"/>

			<!-- Summary part -->
			<xsl:apply-templates select="." mode="summary"/>
			<hr size="1" width="100%" align="left"/>

			<!-- Package List part -->
			<xsl:apply-templates select="." mode="filelist"/>
			<hr size="1" width="100%" align="left"/>

			<!-- For each package create its part -->
            <xsl:apply-templates select="file[@name and generate-id(.) = generate-id(key('files', @name))]" />

			<hr size="1" width="100%" align="left"/>


		</body>
	</html>
</xsl:template>



	<xsl:template match="checkstyle" mode="filelist">
		<h3>Files</h3>
		<table class="log" border="0" cellpadding="5" cellspacing="2" width="100%">
      <tr>
        <th>Name</th>
        <th>Errors</th>
      </tr>
          <xsl:for-each select="file[@name and generate-id(.) = generate-id(key('files', @name))]">
                <xsl:sort data-type="number" order="descending" select="count(key('files', @name)/error)"/>
				<xsl:variable name="errorCount" select="count(error)"/>
				<tr>
          <xsl:call-template name="alternated-row"/>
					<td><a href="#f-{@name}"><xsl:value-of select="@name"/></a></td>
					<td><xsl:value-of select="$errorCount"/></td>
				</tr>
			</xsl:for-each>
		</table>
	</xsl:template>


	<xsl:template match="file">
    <a name="f-{@name}"></a>
    <h3>File <xsl:value-of select="@name"/></h3>

    <table class="log" border="0" cellpadding="5" cellspacing="2" width="100%">
    	<tr>
    	  <th>Error Description</th>
    	  <th>Line</th>
      </tr>
        <xsl:for-each select="key('files', @name)/error">
          <xsl:sort data-type="number" order="ascending" select="@line"/>
    	<tr>
        <xsl:call-template name="alternated-row"/>
    	  <td><xsl:value-of select="@message"/></td>
    	  <td><xsl:value-of select="@line"/></td>
    	</tr>
    	</xsl:for-each>
    </table>
    <a href="#top">Back to top</a>
	</xsl:template>


	<xsl:template match="checkstyle" mode="summary">
		<h3>Summary</h3>
        <xsl:variable name="fileCount" select="count(file[@name and generate-id(.) = generate-id(key('files', @name))])"/>
		<xsl:variable name="errorCount" select="count(file/error)"/>
		<table class="log" border="0" cellpadding="5" cellspacing="2" width="100%">
		<tr>
			<th>Files</th>
			<th>Errors</th>
		</tr>
		<tr>
		  <xsl:call-template name="alternated-row"/>
			<td><xsl:value-of select="$fileCount"/></td>
			<td><xsl:value-of select="$errorCount"/></td>
		</tr>
		</table>
	</xsl:template>

  <xsl:template name="alternated-row">
    <xsl:attribute name="class">
      <xsl:if test="position() mod 2 = 1">a</xsl:if>
      <xsl:if test="position() mod 2 = 0">b</xsl:if>
    </xsl:attribute>
  </xsl:template>
</xsl:stylesheet>



:checkstyleMain (Thread[Execution worker for ':' Thread 10,5,main]) completed. Took 7.954 secs.
:compileTestJava (Thread[Execution worker for ':' Thread 10,5,main]) started.

> Task :compileTestJava
Caching disabled for task ':compileTestJava' because:
  Build cache is disabled
Task ':compileTestJava' is not up-to-date because:
  Output property 'destinationDirectory' file C:\Users\juinn\Desktop\Y2\CS2103T\Projects\tp\build\classes\java\test has been removed.
  Output property 'destinationDirectory' file C:\Users\juinn\Desktop\Y2\CS2103T\Projects\tp\build\classes\java\test\seedu has been removed.
  Output property 'destinationDirectory' file C:\Users\juinn\Desktop\Y2\CS2103T\Projects\tp\build\classes\java\test\seedu\address has been removed.
The input changes require a full rebuild for incremental task ':compileTestJava'.
Full recompilation is required because no incremental change information is available. This is usually caused by clean builds or changing compiler arguments.
Compiling with toolchain 'C:\Program Files\Java\jdk-17'.
Compiling with JDK Java compiler API.
Class dependency analysis for incremental compilation took 0.265 secs.
Created classpath snapshot for incremental compilation in 0.074 secs.
:compileTestJava (Thread[Execution worker for ':' Thread 10,5,main]) completed. Took 10.295 secs.
:processTestResources (Thread[Execution worker for ':' Thread 10,5,main]) started.

> Task :processTestResources
Caching disabled for task ':processTestResources' because:
  Build cache is disabled
Task ':processTestResources' is not up-to-date because:
  Output property 'destinationDir' file C:\Users\juinn\Desktop\Y2\CS2103T\Projects\tp\build\resources\test has been removed.
  Output property 'destinationDir' file C:\Users\juinn\Desktop\Y2\CS2103T\Projects\tp\build\resources\test\view has been removed.
  Output property 'destinationDir' file C:\Users\juinn\Desktop\Y2\CS2103T\Projects\tp\build\resources\test\view\UiPartTest has been removed.
:processTestResources (Thread[Execution worker for ':' Thread 10,5,main]) completed. Took 0.059 secs.
:testClasses (Thread[Execution worker for ':' Thread 10,5,main]) started.

> Task :testClasses
Skipping task ':testClasses' as it has no actions.
:testClasses (Thread[Execution worker for ':' Thread 10,5,main]) completed. Took 0.0 secs.
:checkstyleTest (Thread[Execution worker for ':' Thread 10,5,main]) started.

> Task :checkstyleTest
Caching disabled for task ':checkstyleTest' because:
  Build cache is disabled
Task ':checkstyleTest' is not up-to-date because:
  Output property 'reports.enabledReports.html.outputLocation' file C:\Users\juinn\Desktop\Y2\CS2103T\Projects\tp\build\reports\checkstyle\test.html has been removed.
  Output property 'reports.enabledReports.xml.outputLocation' file C:\Users\juinn\Desktop\Y2\CS2103T\Projects\tp\build\reports\checkstyle\test.xml has been removed.
[ant:checkstyle] Running Checkstyle 11.0.0 on 102 files
[ant:xslt] Processing C:\Users\juinn\Desktop\Y2\CS2103T\Projects\tp\build\reports\checkstyle\test.xml to C:\Users\juinn\Desktop\Y2\CS2103T\Projects\tp\build\reports\checkstyle\test.html
[ant:xslt] Loading stylesheet <xsl:stylesheet	xmlns:xsl="http://www.w3.org/1999/XSL/Transform" version="1.0">
<!--
   Licensed to the Apache Software Foundation (ASF) under one or more
   contributor license agreements.  See the NOTICE file distributed with
   this work for additional information regarding copyright ownership.
   The ASF licenses this file to You under the Apache License, Version 2.0
   (the "License"); you may not use this file except in compliance with
   the License.  You may obtain a copy of the License at

       http://www.apache.org/licenses/LICENSE-2.0

   Unless required by applicable law or agreed to in writing, software
   distributed under the License is distributed on an "AS IS" BASIS,
   WITHOUT WARRANTIES OR CONDITIONS OF ANY KIND, either express or implied.
   See the License for the specific language governing permissions and
   limitations under the License.
-->

<xsl:output method="html" indent="yes"/>
<xsl:decimal-format decimal-separator="." grouping-separator="," />

<xsl:key name="files" match="file" use="@name" />

<!-- Checkstyle XML Style Sheet by Stephane Bailliez <sbailliez@apache.org>         -->
<!-- Part of the Checkstyle distribution found at http://checkstyle.sourceforge.net -->
<!-- UsageContext (generates checkstyle_report.html):                                      -->
<!--    <checkstyle failonviolation="false" config="${check.config}">               -->
<!--      <fileset dir="${src.dir}" includes="**/*.java"/>                          -->
<!--      <formatter type="xml" toFile="${doc.dir}/checkstyle_report.xml"/>         -->
<!--    </checkstyle>                                                               -->
<!--    <style basedir="${doc.dir}" destdir="${doc.dir}"                            -->
<!--            includes="checkstyle_report.xml"                                    -->
<!--            style="${doc.dir}/checkstyle-noframes-sorted.xsl"/>                 -->

<xsl:template match="checkstyle">
	<html>
		<head>
		<style type="text/css">
    .bannercell {
      border: 0px;
      padding: 0px;
    }
    body {
      margin-left: 10;
      margin-right: 10;
      font:normal 80% arial,helvetica,sanserif;
      background-color:#FFFFFF;
      color:#000000;
    }
    .a td {
      background: #efefef;
    }
    .b td {
      background: #fff;
    }
    th, td {
      text-align: left;
      vertical-align: top;
    }
    th {
      font-weight:bold;
      background: #ccc;
      color: black;
    }
    table, th, td {
      font-size:100%;
      border: none
    }
    table.log tr td, tr th {

    }
    h2 {
      font-weight:bold;
      font-size:140%;
      margin-bottom: 5;
    }
    h3 {
      font-size:100%;
      font-weight:bold;
      background: #525D76;
      color: white;
      text-decoration: none;
      padding: 5px;
      margin-right: 2px;
      margin-left: 2px;
      margin-bottom: 0;
    }
		</style>
		</head>
		<body>
			<a name="top"></a>
      <!-- jakarta logo -->
      <table border="0" cellpadding="0" cellspacing="0" width="100%">
      <tr>
        <td class="bannercell" rowspan="2">
          <!--a href="http://jakarta.apache.org/">
          <img src="http://jakarta.apache.org/images/jakarta-logo.gif" alt="http://jakarta.apache.org" align="left" border="0"/>
          </a-->
        </td>
    		<td class="text-align:right"><h2>CheckStyle Audit</h2></td>
    		</tr>
    		<tr>
    		<td class="text-align:right">Designed for use with <a href='http://checkstyle.sourceforge.net/'>CheckStyle</a> and <a href='http://jakarta.apache.org'>Ant</a>.</td>
    		</tr>
      </table>
    	<hr size="1"/>

			<!-- Summary part -->
			<xsl:apply-templates select="." mode="summary"/>
			<hr size="1" width="100%" align="left"/>

			<!-- Package List part -->
			<xsl:apply-templates select="." mode="filelist"/>
			<hr size="1" width="100%" align="left"/>

			<!-- For each package create its part -->
            <xsl:apply-templates select="file[@name and generate-id(.) = generate-id(key('files', @name))]" />

			<hr size="1" width="100%" align="left"/>


		</body>
	</html>
</xsl:template>



	<xsl:template match="checkstyle" mode="filelist">
		<h3>Files</h3>
		<table class="log" border="0" cellpadding="5" cellspacing="2" width="100%">
      <tr>
        <th>Name</th>
        <th>Errors</th>
      </tr>
          <xsl:for-each select="file[@name and generate-id(.) = generate-id(key('files', @name))]">
                <xsl:sort data-type="number" order="descending" select="count(key('files', @name)/error)"/>
				<xsl:variable name="errorCount" select="count(error)"/>
				<tr>
          <xsl:call-template name="alternated-row"/>
					<td><a href="#f-{@name}"><xsl:value-of select="@name"/></a></td>
					<td><xsl:value-of select="$errorCount"/></td>
				</tr>
			</xsl:for-each>
		</table>
	</xsl:template>


	<xsl:template match="file">
    <a name="f-{@name}"></a>
    <h3>File <xsl:value-of select="@name"/></h3>

    <table class="log" border="0" cellpadding="5" cellspacing="2" width="100%">
    	<tr>
    	  <th>Error Description</th>
    	  <th>Line</th>
      </tr>
        <xsl:for-each select="key('files', @name)/error">
          <xsl:sort data-type="number" order="ascending" select="@line"/>
    	<tr>
        <xsl:call-template name="alternated-row"/>
    	  <td><xsl:value-of select="@message"/></td>
    	  <td><xsl:value-of select="@line"/></td>
    	</tr>
    	</xsl:for-each>
    </table>
    <a href="#top">Back to top</a>
	</xsl:template>


	<xsl:template match="checkstyle" mode="summary">
		<h3>Summary</h3>
        <xsl:variable name="fileCount" select="count(file[@name and generate-id(.) = generate-id(key('files', @name))])"/>
		<xsl:variable name="errorCount" select="count(file/error)"/>
		<table class="log" border="0" cellpadding="5" cellspacing="2" width="100%">
		<tr>
			<th>Files</th>
			<th>Errors</th>
		</tr>
		<tr>
		  <xsl:call-template name="alternated-row"/>
			<td><xsl:value-of select="$fileCount"/></td>
			<td><xsl:value-of select="$errorCount"/></td>
		</tr>
		</table>
	</xsl:template>

  <xsl:template name="alternated-row">
    <xsl:attribute name="class">
      <xsl:if test="position() mod 2 = 1">a</xsl:if>
      <xsl:if test="position() mod 2 = 0">b</xsl:if>
    </xsl:attribute>
  </xsl:template>
</xsl:stylesheet>



:checkstyleTest (Thread[Execution worker for ':' Thread 10,5,main]) completed. Took 3.083 secs.
:test (Thread[Execution worker for ':' Thread 10,5,main]) started.

> Task :test
Caching disabled for task ':test' because:
  Build cache is disabled
Task ':test' is not up-to-date because:
  Output property 'binaryResultsDirectory' file C:\Users\juinn\Desktop\Y2\CS2103T\Projects\tp\build\test-results\test\binary has been removed.
  Output property 'binaryResultsDirectory' file C:\Users\juinn\Desktop\Y2\CS2103T\Projects\tp\build\test-results\test\binary\output.bin has been removed.
  Output property 'binaryResultsDirectory' file C:\Users\juinn\Desktop\Y2\CS2103T\Projects\tp\build\test-results\test\binary\output.bin.idx has been removed.
Starting process 'Gradle Test Executor 2'. Working directory: C:\Users\juinn\Desktop\Y2\CS2103T\Projects\tp Command: C:\Program Files\Java\jdk-17\bin\java.exe -Dorg.gradle.internal.worker.tmpdir=C:\Users\juinn\Desktop\Y2\CS2103T\Projects\tp\build\tmp\test\work -Dorg.gradle.native=false -javaagent:build/tmp/expandedArchives/org.jacoco.agent-0.8.7.jar_3a83c50b4a016f281c4e9f3500d16b55/jacocoagent.jar=destfile=build/jacoco/test.exec,append=true,inclnolocationclasses=false,dumponexit=true,output=file,jmx=false @C:\Users\juinn\.gradle\.tmp\gradle-worker-classpath8911486609163038633txt -Xmx512m -Dfile.encoding=UTF-8 -Duser.country=SG -Duser.language=en -Duser.variant -ea worker.org.gradle.process.internal.worker.GradleWorkerMain 'Gradle Test Executor 2'
Successfully started process 'Gradle Test Executor 2'

Gradle Test Executor 2 started executing tests.

> Task :test

AppParametersTest > parse_invalidConfigPath_success() STANDARD_ERROR
    Oct 21, 2025 11:47:56 PM seedu.address.AppParameters parse
    WARNING: Invalid config path a . Using default config path.

ConfigUtilTest > read_valuesMissingFromFile_defaultValuesUsed() STANDARD_ERROR
    Oct 21, 2025 11:47:58 PM seedu.address.commons.util.JsonUtil readJsonFile
    INFO: JSON file src\test\data\ConfigUtilTest\EmptyConfig.json found.

ConfigUtilTest > read_fileInOrder_successfullyRead() STANDARD_ERROR
    Oct 21, 2025 11:47:59 PM seedu.address.commons.util.JsonUtil readJsonFile
    INFO: JSON file src\test\data\ConfigUtilTest\TypicalConfig.json found.

ConfigUtilTest > saveConfig_allInOrder_success() STANDARD_ERROR
    Oct 21, 2025 11:47:59 PM seedu.address.commons.util.JsonUtil readJsonFile
    INFO: JSON file C:\Users\juinn\AppData\Local\Temp\junit11015146149205367132\TempConfig.json found.
    Oct 21, 2025 11:47:59 PM seedu.address.commons.util.JsonUtil readJsonFile
    INFO: JSON file C:\Users\juinn\AppData\Local\Temp\junit11015146149205367132\TempConfig.json found.

ConfigUtilTest > read_extraValuesInFile_extraValuesIgnored() STANDARD_ERROR
    Oct 21, 2025 11:47:59 PM seedu.address.commons.util.JsonUtil readJsonFile
    INFO: JSON file src\test\data\ConfigUtilTest\ExtraValuesConfig.json found.

ConfigUtilTest > read_notJsonFormat_exceptionThrown() STANDARD_ERROR
    Oct 21, 2025 11:47:59 PM seedu.address.commons.util.JsonUtil readJsonFile
    INFO: JSON file src\test\data\ConfigUtilTest\NotJsonFormatConfig.json found.
    Oct 21, 2025 11:47:59 PM seedu.address.commons.util.JsonUtil readJsonFile
    WARNING: Error reading from jsonFile file src\test\data\ConfigUtilTest\NotJsonFormatConfig.json: com.fasterxml.jackson.core.JsonParseException: Unrecognized token 'this': was expecting 'null', 'true', 'false' or NaN
     at [Source: this file is not in json format!
    ; line: 1, column: 5]

LogicManagerTest > execute_invalidCommandFormat_throwsParseException() STANDARD_ERROR
    Oct 21, 2025 11:47:59 PM seedu.address.logic.LogicManager execute
    INFO: ----------------[USER COMMAND][uicfhmowqewca]

LogicManagerTest > execute_storageThrowsAdException_throwsCommandException() STANDARD_ERROR
    Oct 21, 2025 11:47:59 PM seedu.address.logic.LogicManager execute
    INFO: ----------------[USER COMMAND][addteam tm/U12]

LogicManagerTest > execute_validCommand_success() STANDARD_ERROR
    Oct 21, 2025 11:47:59 PM seedu.address.logic.LogicManager execute
    INFO: ----------------[USER COMMAND][list]

LogicManagerTest > execute_storageThrowsIoException_throwsCommandException() STANDARD_ERROR
    Oct 21, 2025 11:47:59 PM seedu.address.logic.LogicManager execute
    INFO: ----------------[USER COMMAND][addteam tm/U12]

LogicManagerTest > getFilteredTeamList_afterListTeams_returnsUnfiltered() STANDARD_ERROR
    Oct 21, 2025 11:47:59 PM seedu.address.logic.LogicManager execute
    INFO: ----------------[USER COMMAND][listteam]

LogicManagerTest > execute_commandExecutionError_throwsCommandException() STANDARD_ERROR
    Oct 21, 2025 11:47:59 PM seedu.address.logic.LogicManager execute
    INFO: ----------------[USER COMMAND][delete pl/Non Existent Person]

JsonAddressBookStorageTest > readAddressBook_invalidPersonAddressBook_throwDataLoadingException() STANDARD_ERROR
    Oct 21, 2025 11:48:01 PM seedu.address.commons.util.JsonUtil readJsonFile
    INFO: JSON file src\test\data\JsonAddressBookStorageTest\invalidPersonAddressBook.json found.
    Oct 21, 2025 11:48:01 PM seedu.address.storage.JsonAddressBookStorage readAddressBook
    INFO: Illegal values found in src\test\data\JsonAddressBookStorageTest\invalidPersonAddressBook.json: Names should only contain alphanumeric characters and spaces, and it should not be blank

JsonAddressBookStorageTest > readAddressBook_invalidAndValidPersonAddressBook_throwDataLoadingException() STANDARD_ERROR
    Oct 21, 2025 11:48:01 PM seedu.address.commons.util.JsonUtil readJsonFile
    INFO: JSON file src\test\data\JsonAddressBookStorageTest\invalidAndValidPersonAddressBook.json found.
    Oct 21, 2025 11:48:01 PM seedu.address.storage.JsonAddressBookStorage readAddressBook
    INFO: Illegal values found in src\test\data\JsonAddressBookStorageTest\invalidAndValidPersonAddressBook.json: Phone numbers should only contain numbers, and it should be at least 3 digits long

JsonAddressBookStorageTest > readAddressBook_validTeamAndMissingPersonAddressBook_throwDataLoadingException() STANDARD_ERROR
    Oct 21, 2025 11:48:01 PM seedu.address.commons.util.JsonUtil readJsonFile
    INFO: JSON file src\test\data\JsonAddressBookStorageTest\validTeamAndMissingPersonAddressBook.json found.
    Oct 21, 2025 11:48:01 PM seedu.address.commons.util.JsonUtil readJsonFile
    WARNING: Error reading from jsonFile file src\test\data\JsonAddressBookStorageTest\validTeamAndMissingPersonAddressBook.json: com.fasterxml.jackson.databind.JsonMappingException: Instantiation of [simple type, class seedu.address.storage.JsonSerializableAddressBook] value failed (java.lang.NullPointerException): Cannot invoke "java.util.Collection.toArray()" because "c" is null
     at [Source: {
      "teams": [
        {
          "name": "TeamA"
        }
      ]
    }
    ; line: 7, column: 1]

JsonAddressBookStorageTest > readAddressBook_validPersonAndMissingTeamAddressBook_throwDataLoadingException() STANDARD_ERROR
    Oct 21, 2025 11:48:01 PM seedu.address.commons.util.JsonUtil readJsonFile
    INFO: JSON file src\test\data\JsonAddressBookStorageTest\validPersonAndMissingTeamAddressBook.json found.
    Oct 21, 2025 11:48:01 PM seedu.address.commons.util.JsonUtil readJsonFile
    WARNING: Error reading from jsonFile file src\test\data\JsonAddressBookStorageTest\validPersonAndMissingTeamAddressBook.json: com.fasterxml.jackson.databind.JsonMappingException: Instantiation of [simple type, class seedu.address.storage.JsonSerializableAddressBook] value failed (java.lang.NullPointerException): Cannot invoke "java.util.Collection.toArray()" because "c" is null
     at [Source: {
      "persons": [
        {
          "name": "Valid Person",
          "phone": "9482424",
          "email": "hans@example.com",
          "address": "4th street",
          "team": {
            "name": "U16"
          },
          "injuries": ["ACL"]
        }
      ]
    }
    ; line: 14, column: 1]

JsonAddressBookStorageTest > readAndSaveAddressBook_allInOrder_success() STANDARD_ERROR
    Oct 21, 2025 11:48:01 PM seedu.address.commons.util.JsonUtil readJsonFile
    INFO: JSON file C:\Users\juinn\AppData\Local\Temp\junit556125592634038738\TempAddressBook.json found.
    Oct 21, 2025 11:48:01 PM seedu.address.commons.util.JsonUtil readJsonFile
    INFO: JSON file C:\Users\juinn\AppData\Local\Temp\junit556125592634038738\TempAddressBook.json found.
    Oct 21, 2025 11:48:01 PM seedu.address.commons.util.JsonUtil readJsonFile
    INFO: JSON file C:\Users\juinn\AppData\Local\Temp\junit556125592634038738\TempAddressBook.json found.

JsonAddressBookStorageTest > read_notJsonFormat_exceptionThrown() STANDARD_ERROR
    Oct 21, 2025 11:48:01 PM seedu.address.commons.util.JsonUtil readJsonFile
    INFO: JSON file src\test\data\JsonAddressBookStorageTest\notJsonFormatAddressBook.json found.
    Oct 21, 2025 11:48:01 PM seedu.address.commons.util.JsonUtil readJsonFile
    WARNING: Error reading from jsonFile file src\test\data\JsonAddressBookStorageTest\notJsonFormatAddressBook.json: com.fasterxml.jackson.core.JsonParseException: Unrecognized token 'not': was expecting 'null', 'true', 'false' or NaN
     at [Source: not json format!
    ; line: 1, column: 4]

JsonSerializableAddressBookTest > toModelType_duplicateTeams_throwsIllegalValueException() STANDARD_ERROR
    Oct 21, 2025 11:48:01 PM seedu.address.commons.util.JsonUtil readJsonFile
    INFO: JSON file src\test\data\JsonSerializableAddressBookTest\duplicateTeamAddressBook.json found.

JsonSerializableAddressBookTest > toModelType_invalidPersonFile_throwsIllegalValueException() STANDARD_ERROR
    Oct 21, 2025 11:48:01 PM seedu.address.commons.util.JsonUtil readJsonFile
    INFO: JSON file src\test\data\JsonSerializableAddressBookTest\invalidPersonAddressBook.json found.

JsonSerializableAddressBookTest > toModelType_typicalPersonsFile_success() STANDARD_ERROR
    Oct 21, 2025 11:48:01 PM seedu.address.commons.util.JsonUtil readJsonFile
    INFO: JSON file src\test\data\JsonSerializableAddressBookTest\typicalPersonsAddressBook.json found.

JsonSerializableAddressBookTest > toModelType_duplicatePersons_throwsIllegalValueException() STANDARD_ERROR
    Oct 21, 2025 11:48:01 PM seedu.address.commons.util.JsonUtil readJsonFile
    INFO: JSON file src\test\data\JsonSerializableAddressBookTest\duplicatePersonAddressBook.json found.

JsonUserPrefsStorageTest > readUserPrefs_fileInOrder_successfullyRead() STANDARD_ERROR
    Oct 21, 2025 11:48:01 PM seedu.address.commons.util.JsonUtil readJsonFile
    INFO: JSON file src\test\data\JsonUserPrefsStorageTest\TypicalUserPref.json found.

JsonUserPrefsStorageTest > readUserPrefs_notJsonFormat_exceptionThrown() STANDARD_ERROR
    Oct 21, 2025 11:48:01 PM seedu.address.commons.util.JsonUtil readJsonFile
    INFO: JSON file src\test\data\JsonUserPrefsStorageTest\NotJsonFormatUserPrefs.json found.
    Oct 21, 2025 11:48:01 PM seedu.address.commons.util.JsonUtil readJsonFile
    WARNING: Error reading from jsonFile file src\test\data\JsonUserPrefsStorageTest\NotJsonFormatUserPrefs.json: com.fasterxml.jackson.core.JsonParseException: Unrecognized token 'Not': was expecting 'null', 'true', 'false' or NaN
     at [Source: Not a json file!
    ; line: 1, column: 4]

JsonUserPrefsStorageTest > readUserPrefs_valuesMissingFromFile_defaultValuesUsed() STANDARD_ERROR
    Oct 21, 2025 11:48:01 PM seedu.address.commons.util.JsonUtil readJsonFile
    INFO: JSON file src\test\data\JsonUserPrefsStorageTest\EmptyUserPrefs.json found.

JsonUserPrefsStorageTest > saveUserPrefs_allInOrder_success() STANDARD_ERROR
    Oct 21, 2025 11:48:01 PM seedu.address.commons.util.JsonUtil readJsonFile
    INFO: JSON file C:\Users\juinn\AppData\Local\Temp\junit2779626139537709400\TempPrefs.json found.
    Oct 21, 2025 11:48:01 PM seedu.address.commons.util.JsonUtil readJsonFile
    INFO: JSON file C:\Users\juinn\AppData\Local\Temp\junit2779626139537709400\TempPrefs.json found.

JsonUserPrefsStorageTest > readUserPrefs_extraValuesInFile_extraValuesIgnored() STANDARD_ERROR
    Oct 21, 2025 11:48:01 PM seedu.address.commons.util.JsonUtil readJsonFile
    INFO: JSON file src\test\data\JsonUserPrefsStorageTest\ExtraValuesUserPref.json found.

StorageManagerTest > addressBookReadSave() STANDARD_ERROR
    Oct 21, 2025 11:48:01 PM seedu.address.commons.util.JsonUtil readJsonFile
    INFO: JSON file C:\Users\juinn\AppData\Local\Temp\junit252301545665091226\ab found.

StorageManagerTest > prefsReadSave() STANDARD_ERROR
    Oct 21, 2025 11:48:01 PM seedu.address.commons.util.JsonUtil readJsonFile
    INFO: JSON file C:\Users\juinn\AppData\Local\Temp\junit7437363987072128950\prefs found.

Gradle Test Executor 2 finished executing tests.

> Task :test
Finished generating test XML results (0.09 secs) into: C:\Users\juinn\Desktop\Y2\CS2103T\Projects\tp\build\test-results\test
Generating HTML test report...
Finished generating test html results (0.148 secs) into: C:\Users\juinn\Desktop\Y2\CS2103T\Projects\tp\build\reports\tests\test
:test (Thread[Execution worker for ':' Thread 10,5,main]) completed. Took 11.564 secs.
:jacocoTestReport (Thread[Execution worker for ':' Thread 10,5,main]) started.

> Task :jacocoTestReport
Caching disabled for task ':jacocoTestReport' because:
  Build cache is disabled
Task ':jacocoTestReport' is not up-to-date because:
  Output property 'reports.enabledReports.html.outputLocation' file C:\Users\juinn\Desktop\Y2\CS2103T\Projects\tp\build\reports\jacoco\test\html has been removed.
  Output property 'reports.enabledReports.html.outputLocation' file C:\Users\juinn\Desktop\Y2\CS2103T\Projects\tp\build\reports\jacoco\test\html\index.html has been removed.
  Output property 'reports.enabledReports.html.outputLocation' file C:\Users\juinn\Desktop\Y2\CS2103T\Projects\tp\build\reports\jacoco\test\html\jacoco-resources has been removed.
[ant:jacocoReport] Loading execution data file C:\Users\juinn\Desktop\Y2\CS2103T\Projects\tp\build\jacoco\test.exec
[ant:jacocoReport] Writing bundle 'tp' with 126 classes
:jacocoTestReport (Thread[Execution worker for ':' Thread 10,5,main]) completed. Took 1.966 secs.
:check (Thread[Execution worker for ':' Thread 10,5,main]) started.

> Task :check
Skipping task ':check' as it has no actions.
:check (Thread[Execution worker for ':' Thread 10,5,main]) completed. Took 0.0 secs.
producer locations for task group 0 (Thread[Execution worker for ':' Thread 10,5,main]) started.
producer locations for task group 0 (Thread[Execution worker for ':' Thread 10,5,main]) completed. Took 0.0 secs.

BUILD SUCCESSFUL in 36s
8 actionable tasks: 7 executed, 1 up-to-date
Watched directory hierarchies: [C:\Users\juinn\Desktop\Y2\CS2103T\Projects\tp]
